<?xml version="1.0" encoding="UTF-8"?>
<edifactmessages xmlns:xsi="http://www.w3.org/2001/XMLSchema-instance"
                 xsi:noNamespaceSchemaLocation="file:///C:/Users/Bart/Documents/dw/raet/Medewerker.xsd">
    <raetSystemName>HRIS</raetSystemName>
    <messages>
        <message>
            <messageID>BerichtID1</messageID>
            <mutationType>M1</mutationType>
            <nadMR>
                <name>ARBO UNIE</name>
                <street>Straat1</street>
                <streetNumber>nr1</streetNumber>
                <place>plaats</place>
                <postalCode>1111LZ</postalCode>
                <countryCode>NL</countryCode>
            </nadMR>
            <phoneMR>tel1</phoneMR>
            <nadFR>
                <name>frer</name>
                <street>straat2</street>
                <streetNumber>nr2</streetNumber>
                <place>plaats2</place>
                <postalCode>2222LZ</postalCode>
                <countryCode>NL</countryCode>
            </nadFR>
            <phoneFR>(030) 467 85 75(tel2)</phoneFR>
            <nadWG>
                <companyCode>bed122212</companyCode>
                <name>STICHTING NS(wg)</name>
                <street>straatwg</street>
                <streetNumber>nrwg</streetNumber>
                <place>plaatswg</place>
                <postalCode>3333LZ</postalCode>
                <countryCode>NL</countryCode>
            </nadWG>
            <phoneWG>wgnr</phoneWG>
            <wgbo>46U1</wgbo>
            <uwvNumber>9999999999999</uwvNumber>
            <employee>
                <empNumber>pers21908</empNumber>
                <lastname>ELVENq</lastname>
                <prefix>VANq</prefix>
                <initials>UMCq</initials>
                <partnerName>ZELST</partnerName>
                <prefixPartner>VAN DER</prefixPartner>
                <birthdate>19000218</birthdate>
                <gender>V(ges)</gender>
                <hoursPerWeek>40.00</hoursPerWeek>
                <employementStartDate>20160801</employementStartDate>
                <employementEndDate>20160802</employementEndDate>
            </employee>
            <phoneEMP>telwn</phoneEMP>
            <address>
                <street>straatwn</street>
                <streetNumber>nrwn</streetNumber>
                <place>plaatswn</place>
                <postalCode>4444JT</postalCode>
                <countryCode>NL</countryCode>
            </address>
            <addressIllness>
                <street>straatverp</street>
                <streetNumber>nrverp</streetNumber>
                <place>plaatsverp</place>
                <postalCode>5verJT</postalCode>
                <countryCode>NL</countryCode>
            </addressIllness>
            <phoneIllness>verpnr</phoneIllness>
            <illnessStartDate>20170901</illnessStartDate>
            <illnessMutationDate>20170905</illnessMutationDate>
            <illnessPerc>99</illnessPerc>
            <illnessCode>7</illnessCode>
            <ouCode>23PU   4DU</ouCode>
            <illnessRemark>N.V.T.</illnessRemark>
        </message>
        <message>
            <messageID>BerichtID2</messageID>
            <mutationType>M1</mutationType>
            <nadMR>
                <name>ARBO UNIE</name>
                <street>Straat1</street>
                <streetNumber>nr1</streetNumber>
                <place>plaats</place>
                <postalCode>1111LZ</postalCode>
                <countryCode>NL</countryCode>
            </nadMR>
            <phoneMR>tel1</phoneMR>
            <nadFR>
                <name>frer</name>
                <street>straat2</street>
                <streetNumber>nr2</streetNumber>
                <place>plaats2</place>
                <postalCode>2222LZ</postalCode>
                <countryCode>NL</countryCode>
            </nadFR>
            <phoneFR>(030) 467 85 75(tel2)</phoneFR>
            <nadWG>
                <companyCode>bed122212</companyCode>
                <name>STICHTING NS(wg)</name>
                <street>straatwg</street>
                <streetNumber>nrwg</streetNumber>
                <place>plaatswg</place>
                <postalCode>3333LZ</postalCode>
                <countryCode>NL</countryCode>
            </nadWG>
            <phoneWG>wgnr</phoneWG>
            <wgbo>46U1</wgbo>
            <uwvNumber>9999999999999</uwvNumber>
            <employee>
                <empNumber>pers21908</empNumber>
                <lastname>ELVENq</lastname>
                <initials>UMCq</initials>
                <partnerName>ZELST</partnerName>
                <birthdate>19000218</birthdate>
                <gender>V(ges)</gender>
                <hoursPerWeek>40.00</hoursPerWeek>
                <employementStartDate>20160801</employementStartDate>
                <employementEndDate>20160802</employementEndDate>
            </employee>
            <phoneEMP>telwn</phoneEMP>
            <address>
                <street>straatwn</street>
                <streetNumber>nrwn</streetNumber>
                <place>plaatswn</place>
                <postalCode>4444JT</postalCode>
                <countryCode>NL</countryCode>
            </address>
            <addressIllness>
                <street>straatverp</street>
                <streetNumber>nrverp</streetNumber>
                <place>plaatsverp</place>
                <postalCode>5verJT</postalCode>
                <countryCode>NL</countryCode>
            </addressIllness>
            <phoneIllness>verpnr</phoneIllness>
            <illnessStartDate>20170901</illnessStartDate>
            <illnessMutationDate>20170905</illnessMutationDate>
            <illnessPerc>99</illnessPerc>
            <illnessCode>7</illnessCode>
            <ouCode>23PU   4DU</ouCode>
            <illnessRemark>N.V.T.</illnessRemark>
        </message>
        <message>
            <messageID>BerichtID3</messageID>
            <mutationType>M1</mutationType>
            <nadMR>
                <name>ARBO UNIE</name>
                <street>Straat1</street>
                <streetNumber>nr1</streetNumber>
                <place>plaats</place>
                <postalCode>1111LZ</postalCode>
                <countryCode>NL</countryCode>
            </nadMR>
            <phoneMR>tel1</phoneMR>
            <nadFR>
                <name>frer</name>
                <street>straat2</street>
                <streetNumber>nr2</streetNumber>
                <place>plaats2</place>
                <postalCode>2222LZ</postalCode>
                <countryCode>NL</countryCode>
            </nadFR>
            <phoneFR>(030) 467 85 75(tel2)</phoneFR>
            <nadWG>
                <companyCode>bed122212</companyCode>
                <name>STICHTING NS(wg)</name>
                <street>straatwg</street>
                <streetNumber>nrwg</streetNumber>
                <place>plaatswg</place>
                <postalCode>3333LZ</postalCode>
                <countryCode>NL</countryCode>
            </nadWG>
            <phoneWG>wgnr</phoneWG>
            <wgbo>46U1</wgbo>
            <uwvNumber>9999999999999</uwvNumber>
            <employee>
                <empNumber>pers21908</empNumber>
                <lastname>ELVENq</lastname>
                <initials>UMCq</initials>
                <birthdate>19000218</birthdate>
                <gender>V(ges)</gender>
                <hoursPerWeek>40.00</hoursPerWeek>
                <employementStartDate>20160801</employementStartDate>
                <employementEndDate>20160802</employementEndDate>
            </employee>
            <phoneEMP>telwn</phoneEMP>
            <address>
                <street>straatwn</street>
                <streetNumber>nrwn</streetNumber>
                <streetNumberAdd>nrtoe</streetNumberAdd>
                <place>plaatswn</place>
                <postalCode>4444JT</postalCode>
                <countryCode>NL</countryCode>
            </address>
            <addressIllness>
                <street>straatverp</street>
                <streetNumber>nrverp</streetNumber>
                <place>plaatsverp</place>
                <postalCode>5verJT</postalCode>
                <countryCode>NL</countryCode>
            </addressIllness>
            <phoneIllness>verpnr</phoneIllness>
            <illnessStartDate>20170901</illnessStartDate>
            <illnessMutationDate>20170905</illnessMutationDate>
            <illnessPerc>99</illnessPerc>
            <illnessCode>7</illnessCode>
            <ouCode>23PU   4DU</ouCode>
            <illnessRemark>N.V.T.</illnessRemark>
        </message>
    </messages>
</edifactmessages>